
> frontend@0.0.0 build
> vite build

[36mvite v8.0.0 [32mbuilding client environment for production...[36m[39m
[2Ktransforming...✓ 2858 modules transformed.
rendering chunks...
computing gzip size...
dist/index.html                     0.73 kB │ gzip:   0.45 kB
dist/assets/index-B7b3iVNN.css     91.28 kB │ gzip:  21.05 kB
dist/assets/index-dLT7Jpy4.js   1,699.85 kB │ gzip: 504.67 kB

[32m✓ built in 2.23s[39m
